// Jest Snapshot v1, https://goo.gl/fbAQLP

exports[`<Home /> renders a heading 1`] = `
<div>
  <div
    class="sc-dkrFOg jKfbHN"
  >
    <div
      class="sc-gswNZR fbTpGU"
    >
      <a
        href="/"
      >
        mogaco
      </a>
    </div>
    <div
      class="sc-hLBbgP kIAJec"
    >
      Mogaco 
      {
      <div
        class="Typist "
      >
        <span
          class="Cursor Cursor--blinking"
        >
          |
        </span>
      </div>
      }
      <button>
        go
      </button>
    </div>
  </div>
</div>
`;
